// Jest Snapshot v1, https://goo.gl/fbAQLP

exports[`processTextNode inside island without replacement 1`] = `
"<?xml version="1.0" encoding="utf-8"?>
      <div id="island">
        <span id="span">
          No replacements
        </span>
      </div>
    "
`;

exports[`processTextNode replaces island placeholders 1`] = `
[
  9,
  1,
  "div",
  2,
  "id",
  "island",
  1,
  "span",
  2,
  "data-island",
  "[[[0,11,4,"foo"]]]",
  2,
  "id",
  "span",
  3,
  "
          Hola
        ",
  -3,
]
`;
